// Jest Snapshot v1, https://goo.gl/fbAQLP

exports[`Countries component snapshot testing 1`] = `
<div>
  <div
    className="countries-container"
  />
</div>
`;
